// Jest Snapshot v1, https://goo.gl/fbAQLP

exports[`loads and parses manifest 1`] = `
"# Auto-generated by vba-blocks v#.#.#
[metadata]
version = \\"1\\"

[root]
name = \\"dev\\"
dependencies = [
  \\"dictionary 1.4.1 registry+vba-blocks#sha256-b241062bcd7ffd68c9063e3980a5df4c6781df29d96763a020d291e52454f6a5\\",
  \\"json 2.3.0 registry+vba-blocks#sha256-3c2760ce2940dd19c16542cead792e0d05e58566155b1fbc72d445fe50a36799\\",
]

[[packages]]
name = \\"dictionary\\"
version = \\"1.4.1\\"
source = \\"registry+vba-blocks#sha256-b241062bcd7ffd68c9063e3980a5df4c6781df29d96763a020d291e52454f6a5\\"
dependencies = [
]

[[packages]]
name = \\"json\\"
version = \\"2.3.0\\"
source = \\"registry+vba-blocks#sha256-3c2760ce2940dd19c16542cead792e0d05e58566155b1fbc72d445fe50a36799\\"
dependencies = [
  \\"dictionary 1.4.1 registry+vba-blocks#sha256-b241062bcd7ffd68c9063e3980a5df4c6781df29d96763a020d291e52454f6a5\\",
]

"
`;
