// Jest Snapshot v1, https://goo.gl/fbAQLP

exports[`should get registration from snapshot 1`] = `
Object {
  "dependencies": Array [],
  "features": Array [],
  "id": "a@1.0.0",
  "name": "a",
  "source": "type+value#details",
  "version": "1.0.0",
}
`;
