// Jest Snapshot v1, https://goo.gl/fbAQLP

exports[`should resolve using sources 1`] = `
Array [
  Object {
    "dependencies": Array [],
    "features": Array [],
    "id": "a@1.0.0",
    "name": "a",
    "source": "git+<repo>#<rev>",
    "version": "1.0.0",
  },
]
`;

exports[`should throw on unknown type 1`] = `[Error: No source matches given dependency]`;

exports[`should throw on unknown type 2`] = `[Error: No source matches given registration type "path" (source = "path+./c")]`;
