// Jest Snapshot v1, https://goo.gl/fbAQLP

exports[`should create build graph 1`] = `
Object {
  "components": Array [
    Object {
      "binary_path": undefined,
      "code": "VERSION 1.0 CLASS
BEGIN
  MultiUse = -1  'True
END
Attribute VB_Name = \\"ThisWorkbook\\"
Attribute VB_GlobalNameSpace = False
Attribute VB_Creatable = False
Attribute VB_PredeclaredId = True
Attr...",
      "filename": "ThisWorkbook.cls",
      "name": "ThisWorkbook",
      "type": "class",
    },
    Object {
      "binary_path": undefined,
      "code": "VERSION 1.0 CLASS
BEGIN
  MultiUse = -1  'True
END
Attribute VB_Name = \\"Sheet1\\"
Attribute VB_GlobalNameSpace = False
Attribute VB_Creatable = False
Attribute VB_PredeclaredId = True
Attribute ...",
      "filename": "Sheet1.cls",
      "name": "Sheet1",
      "type": "class",
    },
    Object {
      "binary_path": undefined,
      "code": "VERSION 1.0 CLASS
BEGIN
  MultiUse = -1  'True
END
Attribute VB_Name = \\"Sheet2\\"
Attribute VB_GlobalNameSpace = False
Attribute VB_Creatable = False
Attribute VB_PredeclaredId = True
Attribute ...",
      "filename": "Sheet2.cls",
      "name": "Sheet2",
      "type": "class",
    },
    Object {
      "binary_path": undefined,
      "code": "VERSION 1.0 CLASS
BEGIN
  MultiUse = -1  'True
END
Attribute VB_Name = \\"Sheet3\\"
Attribute VB_GlobalNameSpace = False
Attribute VB_Creatable = False
Attribute VB_PredeclaredId = True
Attribute ...",
      "filename": "Sheet3.cls",
      "name": "Sheet3",
      "type": "class",
    },
    Object {
      "binary_path": "C:/dev/vba-blocks/tests/__fixtures__/projects/standard/src/UserForm1.frx",
      "code": "VERSION 5.00
Begin {C62A69F0-16DC-11CE-9E98-00AA00574A4F} UserForm1 
   Caption         =   \\"UserForm1\\"
   ClientHeight    =   3040
   ClientLeft      =   110
   ClientTop       =   450
   Clien...",
      "filename": "UserForm1.frm",
      "name": "UserForm1",
      "type": "form",
    },
    Object {
      "binary_path": undefined,
      "code": "Attribute VB_Name = \\"Validation\\"
Public Function Validate(Args As Variant) As String
    On Error GoTo ErrorHandling

    Dim Errors As New Collection

    If ThisWorkbook.VBProject.VBComponents...",
      "filename": "Validation.bas",
      "name": "Validation",
      "type": "module",
    },
    Object {
      "binary_path": undefined,
      "code": "VERSION 1.0 CLASS
BEGIN
  MultiUse = -1  'True
END
Attribute VB_Name = \\"Class1\\"
Attribute VB_GlobalNameSpace = False
Attribute VB_Creatable = False
Attribute VB_PredeclaredId = False
Attribute...",
      "filename": "Class1.cls",
      "name": "Class1",
      "type": "class",
    },
    Object {
      "binary_path": undefined,
      "code": "Attribute VB_Name = \\"JsonConverter\\"
''
' VBA-JSON v2.3.0
' (c) Tim Hall - https://github.com/VBA-tools/VBA-JSON
'
' JSON Converter for VBA
'
' Errors:
' 10001 - JSON parse error
'
' @class J...",
      "filename": "JsonConverter.bas",
      "name": "JsonConverter",
      "type": "module",
    },
    Object {
      "binary_path": undefined,
      "code": "VERSION 1.0 CLASS
BEGIN
  MultiUse = -1  'True
END
Attribute VB_Name = \\"Dictionary\\"
Attribute VB_GlobalNameSpace = False
Attribute VB_Creatable = False
Attribute VB_PredeclaredId = False
Attri...",
      "filename": "Dictionary.cls",
      "name": "Dictionary",
      "type": "class",
    },
  ],
  "name": "VBAProject",
  "references": Array [],
}
`;
