// Jest Snapshot v1, https://goo.gl/fbAQLP

exports[`should find added, changed, and removed between build graphs 1`] = `
Object {
  "components": Object {
    "added": Array [
      Object {
        "binary_path": undefined,
        "code": "Attribute VB_Name = \\"Added\\"
' (added)
",
        "details": Object {
          "dependency": undefined,
          "path": undefined,
        },
        "filename": "Added.bas",
        "name": "Added",
        "type": "module",
      },
    ],
    "changed": Array [
      Object {
        "binary_path": undefined,
        "code": "VERSION 1.0 CLASS
BEGIN
  MultiUse = -1  'True
END
Attribute VB_Name = \\"ThisWorkbook\\"
Attribute VB_GlobalNameSpace = False
Attribute VB_Creatable = False
Attribute VB_PredeclaredId = True
Attr...",
        "details": Object {
          "dependency": undefined,
          "path": "projects/complex/src/ThisWorkbook.cls",
        },
        "filename": "ThisWorkbook.cls",
        "name": "ThisWorkbook",
        "type": "class",
      },
    ],
    "removed": Array [
      Object {
        "binary_path": undefined,
        "code": "Attribute VB_Name = \\"Validation\\"
Public Function Validate(Args As Variant) As String
    On Error GoTo ErrorHandling

    Dim Errors As New Collection

    If ThisWorkbook.VBProject.VBComponents...",
        "details": Object {
          "dependency": undefined,
          "path": "projects/complex/src/Validation.bas",
        },
        "filename": "Validation.bas",
        "name": "Validation",
        "type": "module",
      },
    ],
  },
  "references": Object {
    "added": Array [],
    "changed": Array [],
    "removed": Array [],
  },
}
`;
