// Jest Snapshot v1, https://goo.gl/fbAQLP

exports[`should load BuildGraph from empty project 1`] = `
Object {
  "components": Array [],
  "name": "VBAProject",
  "references": Array [],
}
`;

exports[`should load BuildGraph from standard project 1`] = `
Object {
  "components": Array [
    Object {
      "binary_path": undefined,
      "code": "VERSION 1.0 CLASS
BEGIN
  MultiUse = -1  'True
END
Attribute VB_Name = \\"Class1\\"
Attribute VB_GlobalNameSpace = False
Attribute VB_Creatable = False
Attribute VB_PredeclaredId = False
Attribute VB_Exposed = Fa...",
      "details": Object {
        "dependency": undefined,
        "path": "projects/complex/src/Class1.cls",
      },
      "filename": "Class1.cls",
      "name": "Class1",
      "type": "class",
    },
    Object {
      "binary_path": undefined,
      "code": "VERSION 1.0 CLASS
BEGIN
  MultiUse = -1  'True
END
Attribute VB_Name = \\"Dictionary\\"
Attribute VB_GlobalNameSpace = False
Attribute VB_Creatable = False
Attribute VB_PredeclaredId = False
Attribute VB_Exposed ...",
      "details": Object {
        "dependency": "dictionary",
        "path": ".vba-blocks/sources/vba-blocks/dictionary-v1.4.1/Dictionary.cls",
      },
      "filename": "Dictionary.cls",
      "name": "Dictionary",
      "type": "class",
    },
    Object {
      "binary_path": undefined,
      "code": "VERSION 1.0 CLASS
BEGIN
  MultiUse = -1  'True
END
Attribute VB_Name = \\"IWebAuthenticator\\"
Attribute VB_GlobalNameSpace = False
Attribute VB_Creatable = False
Attribute VB_PredeclaredId = False
Attribute VB_E...",
      "details": Object {
        "dependency": "web",
        "path": ".vba-blocks/sources/vba-blocks/web-v4.1.5/src/IWebAuthenticator.cls",
      },
      "filename": "IWebAuthenticator.cls",
      "name": "IWebAuthenticator",
      "type": "class",
    },
    Object {
      "binary_path": undefined,
      "code": "Attribute VB_Name = \\"JsonConverter\\"
''
' VBA-JSON v2.3.0
' (c) Tim Hall - https://github.com/VBA-tools/VBA-JSON
'
' JSON Converter for VBA
'
' Errors:
' 10001 - JSON parse error
'
' @class JsonConverter
' @autho...",
      "details": Object {
        "dependency": "json",
        "path": ".vba-blocks/sources/vba-blocks/json-v2.3.0/JsonConverter.bas",
      },
      "filename": "JsonConverter.bas",
      "name": "JsonConverter",
      "type": "module",
    },
    Object {
      "binary_path": undefined,
      "code": "VERSION 1.0 CLASS
BEGIN
  MultiUse = -1  'True
END
Attribute VB_Name = \\"Sheet1\\"
Attribute VB_GlobalNameSpace = False
Attribute VB_Creatable = False
Attribute VB_PredeclaredId = True
Attribute VB_Exposed = Tru...",
      "details": Object {
        "dependency": undefined,
        "path": "projects/complex/src/Sheet1.cls",
      },
      "filename": "Sheet1.cls",
      "name": "Sheet1",
      "type": "class",
    },
    Object {
      "binary_path": undefined,
      "code": "VERSION 1.0 CLASS
BEGIN
  MultiUse = -1  'True
END
Attribute VB_Name = \\"Sheet2\\"
Attribute VB_GlobalNameSpace = False
Attribute VB_Creatable = False
Attribute VB_PredeclaredId = True
Attribute VB_Exposed = Tru...",
      "details": Object {
        "dependency": undefined,
        "path": "projects/complex/src/Sheet2.cls",
      },
      "filename": "Sheet2.cls",
      "name": "Sheet2",
      "type": "class",
    },
    Object {
      "binary_path": undefined,
      "code": "VERSION 1.0 CLASS
BEGIN
  MultiUse = -1  'True
END
Attribute VB_Name = \\"Sheet3\\"
Attribute VB_GlobalNameSpace = False
Attribute VB_Creatable = False
Attribute VB_PredeclaredId = True
Attribute VB_Exposed = Tru...",
      "details": Object {
        "dependency": undefined,
        "path": "projects/complex/src/Sheet3.cls",
      },
      "filename": "Sheet3.cls",
      "name": "Sheet3",
      "type": "class",
    },
    Object {
      "binary_path": undefined,
      "code": "VERSION 1.0 CLASS
BEGIN
  MultiUse = -1  'True
END
Attribute VB_Name = \\"ThisWorkbook\\"
Attribute VB_GlobalNameSpace = False
Attribute VB_Creatable = False
Attribute VB_PredeclaredId = True
Attribute VB_Exposed...",
      "details": Object {
        "dependency": undefined,
        "path": "projects/complex/src/ThisWorkbook.cls",
      },
      "filename": "ThisWorkbook.cls",
      "name": "ThisWorkbook",
      "type": "class",
    },
    Object {
      "binary_path": "UserForm1.frx",
      "code": "VERSION 5.00
Begin {C62A69F0-16DC-11CE-9E98-00AA00574A4F} UserForm1 
   Caption         =   \\"UserForm1\\"
   ClientHeight    =   3015
   ClientLeft      =   120
   ClientTop       =   465
   ClientWidth     =...",
      "details": Object {
        "dependency": undefined,
        "path": "projects/complex/src/UserForm1.frm",
      },
      "filename": "UserForm1.frm",
      "name": "UserForm1",
      "type": "form",
    },
    Object {
      "binary_path": undefined,
      "code": "Attribute VB_Name = \\"Validation\\"
Public Function Validate() As String
    On Error GoTo ErrorHandling

    Dim Errors As New Collection

    If ThisWorkbook.VBProject.VBComponents.Count <> 9 Then
        Err...",
      "details": Object {
        "dependency": undefined,
        "path": "projects/complex/src/Validation.bas",
      },
      "filename": "Validation.bas",
      "name": "Validation",
      "type": "module",
    },
    Object {
      "binary_path": undefined,
      "code": "VERSION 1.0 CLASS
BEGIN
  MultiUse = -1  'True
END
Attribute VB_Name = \\"WebClient\\"
Attribute VB_GlobalNameSpace = False
Attribute VB_Creatable = False
Attribute VB_PredeclaredId = False
Attribute VB_Exposed =...",
      "details": Object {
        "dependency": "web",
        "path": ".vba-blocks/sources/vba-blocks/web-v4.1.5/src/WebClient.cls",
      },
      "filename": "WebClient.cls",
      "name": "WebClient",
      "type": "class",
    },
    Object {
      "binary_path": undefined,
      "code": "Attribute VB_Name = \\"WebHelpers\\"
''
' WebHelpers v4.1.5
' (c) Tim Hall - https://github.com/VBA-tools/VBA-Web
'
' Contains general-purpose helpers that are used throughout VBA-Web. Includes:
'
' - Logging
' -...",
      "details": Object {
        "dependency": "web",
        "path": ".vba-blocks/sources/vba-blocks/web-v4.1.5/src/WebHelpers.bas",
      },
      "filename": "WebHelpers.bas",
      "name": "WebHelpers",
      "type": "module",
    },
    Object {
      "binary_path": undefined,
      "code": "VERSION 1.0 CLASS
BEGIN
  MultiUse = -1  'True
END
Attribute VB_Name = \\"WebRequest\\"
Attribute VB_GlobalNameSpace = False
Attribute VB_Creatable = False
Attribute VB_PredeclaredId = False
Attribute VB_Exposed ...",
      "details": Object {
        "dependency": "web",
        "path": ".vba-blocks/sources/vba-blocks/web-v4.1.5/src/WebRequest.cls",
      },
      "filename": "WebRequest.cls",
      "name": "WebRequest",
      "type": "class",
    },
    Object {
      "binary_path": undefined,
      "code": "VERSION 1.0 CLASS
BEGIN
  MultiUse = -1  'True
END
Attribute VB_Name = \\"WebResponse\\"
Attribute VB_GlobalNameSpace = False
Attribute VB_Creatable = False
Attribute VB_PredeclaredId = False
Attribute VB_Exposed...",
      "details": Object {
        "dependency": "web",
        "path": ".vba-blocks/sources/vba-blocks/web-v4.1.5/src/WebResponse.cls",
      },
      "filename": "WebResponse.cls",
      "name": "WebResponse",
      "type": "class",
    },
  ],
  "name": "VBAProject",
  "references": Array [],
}
`;
