// Jest Snapshot v1, https://goo.gl/fbAQLP

exports[`convert 1`] = `""`;
