// Jest Snapshot v1, https://goo.gl/fbAQLP

exports[`inspect 1`] = `
Object {
  "array": Object {
    "children": Array [
      Object {
        "children": Object {
          "index": Object {
            "children": undefined,
            "key": Object {
              "end": Object {
                "column": 7,
                "line": 23,
              },
              "parsed": Object {
                "column": 1,
                "key": "index",
                "line": 23,
                "type": "Assign",
                "value": Object {
                  "column": 9,
                  "line": 23,
                  "type": "Integer",
                  "value": 0,
                },
              },
              "start": Object {
                "column": 1,
                "line": 23,
              },
            },
            "value": Object {
              "end": Object {
                "column": 0,
                "line": 24,
              },
              "parsed": Object {
                "column": 9,
                "line": 23,
                "type": "Integer",
                "value": 0,
              },
              "start": Object {
                "column": 8,
                "line": 23,
              },
            },
          },
        },
        "key": Object {
          "end": Object {
            "column": 14,
            "line": 22,
          },
          "parsed": Object {
            "column": 1,
            "line": 22,
            "type": "ArrayPath",
            "value": Array [
              "array",
            ],
          },
          "start": Object {
            "column": 1,
            "line": 22,
          },
        },
        "value": Object {
          "end": Object {
            "column": 0,
            "line": 24,
          },
          "start": Object {
            "column": 0,
            "line": 23,
          },
        },
      },
      Object {
        "children": Object {
          "index": Object {
            "children": undefined,
            "key": Object {
              "end": Object {
                "column": 7,
                "line": 26,
              },
              "parsed": Object {
                "column": 1,
                "key": "index",
                "line": 26,
                "type": "Assign",
                "value": Object {
                  "column": 9,
                  "line": 26,
                  "type": "Integer",
                  "value": 1,
                },
              },
              "start": Object {
                "column": 1,
                "line": 26,
              },
            },
            "value": Object {
              "end": Object {
                "column": 0,
                "line": 27,
              },
              "parsed": Object {
                "column": 9,
                "line": 26,
                "type": "Integer",
                "value": 1,
              },
              "start": Object {
                "column": 8,
                "line": 26,
              },
            },
          },
        },
        "key": Object {
          "end": Object {
            "column": 9,
            "line": 25,
          },
          "parsed": Object {
            "column": 1,
            "line": 25,
            "type": "ArrayPath",
            "value": Array [
              "array",
            ],
          },
          "start": Object {
            "column": 1,
            "line": 25,
          },
        },
        "value": Object {
          "end": Object {
            "column": 0,
            "line": 27,
          },
          "start": Object {
            "column": 0,
            "line": 26,
          },
        },
      },
      Object {
        "children": Object {
          "index": Object {
            "children": undefined,
            "key": Object {
              "end": Object {
                "column": 7,
                "line": 29,
              },
              "parsed": Object {
                "column": 1,
                "key": "index",
                "line": 29,
                "type": "Assign",
                "value": Object {
                  "column": 9,
                  "line": 29,
                  "type": "Integer",
                  "value": 2,
                },
              },
              "start": Object {
                "column": 1,
                "line": 29,
              },
            },
            "value": Object {
              "end": Object {
                "column": 9,
                "line": 29,
              },
              "parsed": Object {
                "column": 9,
                "line": 29,
                "type": "Integer",
                "value": 2,
              },
              "start": Object {
                "column": 8,
                "line": 29,
              },
            },
          },
        },
        "key": Object {
          "end": Object {
            "column": 9,
            "line": 28,
          },
          "parsed": Object {
            "column": 1,
            "line": 28,
            "type": "ArrayPath",
            "value": Array [
              "array",
            ],
          },
          "start": Object {
            "column": 1,
            "line": 28,
          },
        },
        "value": Object {
          "end": Object {
            "column": 9,
            "line": 29,
          },
          "start": Object {
            "column": 0,
            "line": 29,
          },
        },
      },
    ],
    "value": Object {
      "end": Object {
        "column": 9,
        "line": 29,
      },
      "start": Object {
        "column": 1,
        "line": 22,
      },
    },
  },
  "dependencies": Object {
    "children": Object {
      "a": Object {
        "children": undefined,
        "key": Object {
          "end": Object {
            "column": 3,
            "line": 13,
          },
          "parsed": Object {
            "column": 1,
            "key": "a",
            "line": 13,
            "type": "Assign",
            "value": Object {
              "column": 5,
              "line": 13,
              "type": "String",
              "value": "1.0.0",
            },
          },
          "start": Object {
            "column": 1,
            "line": 13,
          },
        },
        "value": Object {
          "end": Object {
            "column": 11,
            "line": 13,
          },
          "parsed": Object {
            "column": 5,
            "line": 13,
            "type": "String",
            "value": "1.0.0",
          },
          "start": Object {
            "column": 4,
            "line": 13,
          },
        },
      },
      "b": Object {
        "children": Object {
          "git": Object {
            "children": undefined,
            "key": Object {
              "end": Object {
                "column": 11,
                "line": 14,
              },
              "parsed": Object {
                "column": 7,
                "key": "git",
                "line": 14,
                "type": "InlineTableValue",
                "value": Object {
                  "column": 13,
                  "line": 14,
                  "type": "String",
                  "value": "...git",
                },
              },
              "start": Object {
                "column": 7,
                "line": 14,
              },
            },
            "value": Object {
              "end": Object {
                "column": 23,
                "line": 14,
              },
              "parsed": Object {
                "column": 13,
                "line": 14,
                "type": "String",
                "value": "...git",
              },
              "start": Object {
                "column": 12,
                "line": 14,
              },
            },
          },
          "spacing": Object {
            "children": undefined,
            "key": Object {
              "end": Object {
                "column": 33,
                "line": 14,
              },
              "parsed": Object {
                "column": 25,
                "key": "spacing",
                "line": 14,
                "type": "InlineTableValue",
                "value": Object {
                  "column": 38,
                  "line": 14,
                  "type": "String",
                  "value": "weird",
                },
              },
              "start": Object {
                "column": 25,
                "line": 14,
              },
            },
            "value": Object {
              "end": Object {
                "column": 45,
                "line": 14,
              },
              "parsed": Object {
                "column": 38,
                "line": 14,
                "type": "String",
                "value": "weird",
              },
              "start": Object {
                "column": 34,
                "line": 14,
              },
            },
          },
        },
        "key": Object {
          "end": Object {
            "column": 3,
            "line": 14,
          },
          "parsed": Object {
            "column": 1,
            "key": "b",
            "line": 14,
            "type": "Assign",
            "value": Object {
              "column": 5,
              "line": 14,
              "type": "InlineTable",
              "value": Array [
                Object {
                  "column": 7,
                  "key": "git",
                  "line": 14,
                  "type": "InlineTableValue",
                  "value": Object {
                    "column": 13,
                    "line": 14,
                    "type": "String",
                    "value": "...git",
                  },
                },
                Object {
                  "column": 25,
                  "key": "spacing",
                  "line": 14,
                  "type": "InlineTableValue",
                  "value": Object {
                    "column": 38,
                    "line": 14,
                    "type": "String",
                    "value": "weird",
                  },
                },
              ],
            },
          },
          "start": Object {
            "column": 1,
            "line": 14,
          },
        },
        "value": Object {
          "end": Object {
            "column": 0,
            "line": 15,
          },
          "parsed": Object {
            "column": 5,
            "line": 14,
            "type": "InlineTable",
            "value": Array [
              Object {
                "column": 7,
                "key": "git",
                "line": 14,
                "type": "InlineTableValue",
                "value": Object {
                  "column": 13,
                  "line": 14,
                  "type": "String",
                  "value": "...git",
                },
              },
              Object {
                "column": 25,
                "key": "spacing",
                "line": 14,
                "type": "InlineTableValue",
                "value": Object {
                  "column": 38,
                  "line": 14,
                  "type": "String",
                  "value": "weird",
                },
              },
            ],
          },
          "start": Object {
            "column": 4,
            "line": 14,
          },
        },
      },
      "c": Object {
        "children": Object {
          "path": Object {
            "children": undefined,
            "key": Object {
              "end": Object {
                "column": 6,
                "line": 17,
              },
              "parsed": Object {
                "column": 1,
                "key": "path",
                "line": 17,
                "type": "Assign",
                "value": Object {
                  "column": 8,
                  "line": 17,
                  "type": "String",
                  "value": "...path",
                },
              },
              "start": Object {
                "column": 1,
                "line": 17,
              },
            },
            "value": Object {
              "end": Object {
                "column": 0,
                "line": 18,
              },
              "parsed": Object {
                "column": 8,
                "line": 17,
                "type": "String",
                "value": "...path",
              },
              "start": Object {
                "column": 7,
                "line": 17,
              },
            },
          },
        },
        "key": Object {
          "end": Object {
            "column": 20,
            "line": 16,
          },
          "parsed": Object {
            "column": 1,
            "line": 16,
            "type": "ObjectPath",
            "value": Array [
              "dependencies",
              "c",
            ],
          },
          "start": Object {
            "column": 1,
            "line": 16,
          },
        },
        "value": Object {
          "end": Object {
            "column": 0,
            "line": 18,
          },
          "start": Object {
            "column": 0,
            "line": 17,
          },
        },
      },
    },
    "key": Object {
      "end": Object {
        "column": 19,
        "line": 12,
      },
      "parsed": Object {
        "column": 1,
        "line": 12,
        "type": "ObjectPath",
        "value": Array [
          "dependencies",
        ],
      },
      "start": Object {
        "column": 1,
        "line": 12,
      },
    },
    "value": Object {
      "end": Object {
        "column": 0,
        "line": 18,
      },
      "start": Object {
        "column": 0,
        "line": 13,
      },
    },
  },
  "package": Object {
    "children": Object {
      "authors": Object {
        "children": Array [
          Object {
            "children": undefined,
            "value": Object {
              "end": Object {
                "column": 22,
                "line": 4,
              },
              "parsed": Object {
                "column": 12,
                "line": 4,
                "type": "String",
                "value": "Author 1",
              },
              "start": Object {
                "column": 12,
                "line": 4,
              },
            },
          },
        ],
        "key": Object {
          "end": Object {
            "column": 9,
            "line": 4,
          },
          "parsed": Object {
            "column": 1,
            "key": "authors",
            "line": 4,
            "type": "Assign",
            "value": Object {
              "column": 11,
              "line": 4,
              "type": "Array",
              "value": Array [
                Object {
                  "column": 12,
                  "line": 4,
                  "type": "String",
                  "value": "Author 1",
                },
              ],
            },
          },
          "start": Object {
            "column": 1,
            "line": 4,
          },
        },
        "value": Object {
          "end": Object {
            "column": 0,
            "line": 11,
          },
          "parsed": Object {
            "column": 11,
            "line": 4,
            "type": "Array",
            "value": Array [
              Object {
                "column": 12,
                "line": 4,
                "type": "String",
                "value": "Author 1",
              },
            ],
          },
          "start": Object {
            "column": 10,
            "line": 4,
          },
        },
      },
      "name": Object {
        "children": undefined,
        "key": Object {
          "end": Object {
            "column": 6,
            "line": 2,
          },
          "parsed": Object {
            "column": 1,
            "key": "name",
            "line": 2,
            "type": "Assign",
            "value": Object {
              "column": 8,
              "line": 2,
              "type": "String",
              "value": "package-name",
            },
          },
          "start": Object {
            "column": 1,
            "line": 2,
          },
        },
        "value": Object {
          "end": Object {
            "column": 31,
            "line": 2,
          },
          "parsed": Object {
            "column": 8,
            "line": 2,
            "type": "String",
            "value": "package-name",
          },
          "start": Object {
            "column": 7,
            "line": 2,
          },
        },
      },
      "version": Object {
        "children": undefined,
        "key": Object {
          "end": Object {
            "column": 9,
            "line": 3,
          },
          "parsed": Object {
            "column": 1,
            "key": "version",
            "line": 3,
            "type": "Assign",
            "value": Object {
              "column": 11,
              "line": 3,
              "type": "String",
              "value": "0.0.0",
            },
          },
          "start": Object {
            "column": 1,
            "line": 3,
          },
        },
        "value": Object {
          "end": Object {
            "column": 17,
            "line": 3,
          },
          "parsed": Object {
            "column": 11,
            "line": 3,
            "type": "String",
            "value": "0.0.0",
          },
          "start": Object {
            "column": 10,
            "line": 3,
          },
        },
      },
    },
    "key": Object {
      "end": Object {
        "column": 9,
        "line": 1,
      },
      "parsed": Object {
        "column": 1,
        "line": 1,
        "type": "ObjectPath",
        "value": Array [
          "package",
        ],
      },
      "start": Object {
        "column": 1,
        "line": 1,
      },
    },
    "value": Object {
      "end": Object {
        "column": 0,
        "line": 11,
      },
      "start": Object {
        "column": 0,
        "line": 2,
      },
    },
  },
  "references": Object {
    "children": Object {
      "nested": Object {
        "children": Object {
          "guid": Object {
            "children": undefined,
            "key": Object {
              "end": Object {
                "column": 6,
                "line": 20,
              },
              "parsed": Object {
                "column": 1,
                "key": "guid",
                "line": 20,
                "type": "Assign",
                "value": Object {
                  "column": 8,
                  "line": 20,
                  "type": "String",
                  "value": "{...}",
                },
              },
              "start": Object {
                "column": 1,
                "line": 20,
              },
            },
            "value": Object {
              "end": Object {
                "column": 0,
                "line": 21,
              },
              "parsed": Object {
                "column": 8,
                "line": 20,
                "type": "String",
                "value": "{...}",
              },
              "start": Object {
                "column": 7,
                "line": 20,
              },
            },
          },
        },
        "key": Object {
          "end": Object {
            "column": 23,
            "line": 19,
          },
          "parsed": Object {
            "column": 1,
            "line": 19,
            "type": "ObjectPath",
            "value": Array [
              "references",
              "nested",
            ],
          },
          "start": Object {
            "column": 1,
            "line": 19,
          },
        },
        "value": Object {
          "end": Object {
            "column": 0,
            "line": 21,
          },
          "start": Object {
            "column": 0,
            "line": 20,
          },
        },
      },
    },
    "value": Object {
      "end": Object {
        "column": 0,
        "line": 21,
      },
      "start": Object {
        "column": 1,
        "line": 19,
      },
    },
  },
}
`;

exports[`patch 1`] = `
"[package]
name = \\"package-name\\" # comment
version = \\"0.0.0\\"
authors = [\\"Author 1\\"]

# 6
# 7
# 8

# 10

[dependencies] # 12
a = \\"1.0.0\\"
b = { git = \\"...git\\"  , spacing =    \\"weird\\"}#comment

[dependencies.c] #16
path = \\"...path\\"

[references.nested] #19
guid = \\"{...}\\"

[[array]] # 22
index = 0

[[array]]
index = 1

[[array]]
index = 2"
`;
