// Jest Snapshot v1, https://goo.gl/fbAQLP

exports[`patch 1`] = `
"[package]
name = \\"package-name\\" # comment
version = \\"0.0.0\\"
authors = [\\"Author 1\\"]

# 6
# 7
# 8

# 10

[dependencies] # 12
a = \\"1.0.0\\"
b = { git = \\"...git\\"  , spacing =    \\"weird\\"}#comment

[dependencies.c] #16
path = \\"...path\\"

[references.nested] #19
guid = \\"{...}\\"

[[array]] # 22
index = 0

[[array]]
index = 1

[[array]]
index = 2"
`;
