// Jest Snapshot v1, https://goo.gl/fbAQLP

exports[`convertToToml 1`] = `
"[root]
name = \\"project\\"
dependencies = [
  \\"a 1.2.3\\"
]

[[package]]
name = \\"a\\"
version = \\"1.2.3\\"
source = \\"registry+...#...\\"
dependencies = [
  \\"d 0.0.0\\"
]

[[package]]
name = \\"b\\"
version = \\"4.5.6\\"
source = \\"path+...\\"

[[package]]
name = \\"c\\"
version = \\"7.8.9\\"
source = \\"git+...#rev\\"

[[package]]
name = \\"d\\"
version = \\"0.0.0\\"
source = \\"registry+...#...\\"

"
`;
