// Jest Snapshot v1, https://goo.gl/fbAQLP

exports[`solves simple tree 1`] = `
Array [
  "a@1.2.0",
  "d@2.0.0",
  "f@2.0.0",
  "g@1.0.0",
]
`;
