// Jest Snapshot v1, https://goo.gl/fbAQLP

exports[`convertToToml 1`] = `
"[[package]]
name = \\"a\\"
version = \\"1.2.3\\"
source = \\"registry+...\\"
checksum = \\"...\\"
dependencies = [
  \\"d 0.0.0 (registry+...)\\"
]

[[package]]
name = \\"b\\"
version = \\"4.5.6\\"

[[package]]
name = \\"c\\"
version = \\"7.8.9\\"
source = \\"git+...\\"
checksum = \\"<none>\\"

[[package]]
name = \\"d\\"
version = \\"0.0.0\\"
source = \\"registry+...\\"
checksum = \\"...\\"

"
`;
